// Jest Snapshot v1, https://goo.gl/fbAQLP

exports[`<Search /> spec Contains file input and calls onChange 1`] = `
<DocumentFragment>
  <div>
    <label
      for="file"
    >
      Choose a JSON file:
    </label>
    <input
      accept=".json"
      id="file"
      name="json"
      role="button"
      type="file"
    />
  </div>
</DocumentFragment>
`;
